// Vitest Snapshot v1, https://vitest.dev/guide/snapshot.html

exports[`tpl describe golden output > matches the pinned description for the fixture template 1`] = `
"# Template: neutral-template.pptx

Slide size: 13.33" x 7.5" -- fonts: Calibri (headings), Calibri (body)
Accent colors: #4F81BD, #C0504D, #9BBB59

Layouts: 11 -- addressable in \`slide.add\` by index or name.
Placeholders are filled in \`slide.fill\` via their \`idx\` number.

## Layout 0: "TITLE_SLIDE"

Suitability: key message or section break (title/subtitle only)

\`\`\`
----------------------------------------
|                                      |
|                                      |
|                                      |
|  ........................            |
|  .T:0                   .            |
|  ........................            |
|    ....................              |
|    .S:1               .              |
|    ....................              |
|                                      |
|                                      |
----------------------------------------
\`\`\`

- Title (idx \`0\`, "Title 1") — left half, middle area (14% of slide) — ~1 lines of ~24 chars
- Subtitle (idx \`1\`, "Subtitle 2") — left half, lower area (13% of slide) — ~2 lines of ~27 chars

## Layout 1: "CONTENT"

Suitability: one content area -- prose, bullets, table or chart

\`\`\`
----------------------------------------
| ..........................           |
| .T:0......................           |
|                                      |
| ..........................           |
| .TXT:1                   .           |
| .                        .           |
| .                        .           |
| .                        .           |
| .                        .           |
| ..........................           |
|                                      |
----------------------------------------
\`\`\`

- Title (idx \`0\`, "Title 1") — left half, upper area (11% of slide) — ~1 lines of ~25 chars
- Text area (idx \`1\`, "Content Placeholder 2") — left half, middle area (45% of slide) — ~8 lines of ~35 chars

## Layout 2: "Section Header"

Suitability: one content area -- prose, bullets, table or chart

\`\`\`
----------------------------------------
|                                      |
|                                      |
|                                      |
|                                      |
|                                      |
|  ........................            |
|  .TXT:1..................            |
|  ........................            |
|  .T:0....................            |
|                                      |
|                                      |
----------------------------------------
\`\`\`

- Title (idx \`0\`, "Title 1") — left half, lower area (13% of slide) — ~1 lines of ~24 chars
- Text area (idx \`1\`, "Text Placeholder 2") — left half, middle area (14% of slide) — ~2 lines of ~33 chars

## Layout 3: "TWO_COLUMN"

Suitability: 2 text columns -- comparison/juxtaposition

\`\`\`
----------------------------------------
| ..........................           |
| .T:0......................           |
|                                      |
| ..........................           |
| .TXT:1      ..TXT:2      .           |
| .           ..           .           |
| .           ..           .           |
| .           ..           .           |
| .           ..           .           |
| ..........................           |
|                                      |
----------------------------------------
\`\`\`

- Title (idx \`0\`, "Title 1") — left half, upper area (11% of slide) — ~1 lines of ~25 chars
- Text area (idx \`1\`, "Content Placeholder 2") — left column, middle area (22% of slide) — ~8 lines of ~17 chars
- Text area (idx \`2\`, "Content Placeholder 3") — center column, middle area (22% of slide) — ~8 lines of ~17 chars

## Layout 4: "Comparison"

Suitability: 4 parallel text areas -- list of equal-rank aspects

\`\`\`
----------------------------------------
| ..........................           |
| .T:0......................           |
| .TXT:1........TXT:3.......           |
| ..........................           |
| .TXT:2      ..TXT:4      .           |
| .           ..           .           |
| .           ..           .           |
| .           ..           .           |
| .           ..           .           |
| ..........................           |
|                                      |
----------------------------------------
\`\`\`

- Title (idx \`0\`, "Title 1") — left half, upper area (11% of slide) — ~1 lines of ~25 chars
- Text area (idx \`1\`, "Text Placeholder 2") — left column, upper area (3% of slide) — ~1 lines of ~17 chars
- Text area (idx \`2\`, "Content Placeholder 3") — left column, middle area (19% of slide) — ~6 lines of ~17 chars
- Text area (idx \`3\`, "Text Placeholder 4") — center column, upper area (3% of slide) — ~1 lines of ~17 chars
- Text area (idx \`4\`, "Content Placeholder 5") — center column, middle area (19% of slide) — ~6 lines of ~17 chars

## Layout 5: "Title Only"

Suitability: key message or section break (title/subtitle only)

\`\`\`
----------------------------------------
| ..........................           |
| .T:0......................           |
|                                      |
|                                      |
|                                      |
|                                      |
|                                      |
|                                      |
|                                      |
|                                      |
|                                      |
----------------------------------------
\`\`\`

- Title (idx \`0\`, "Title 1") — left half, upper area (11% of slide) — ~1 lines of ~25 chars

## Layout 6: "DEFAULT"

Suitability: key message or section break (title/subtitle only)

\`\`\`
----------------------------------------
|                                      |
|                                      |
|                                      |
|                                      |
|                                      |
|                                      |
|                                      |
|                                      |
|                                      |
|                                      |
|                                      |
----------------------------------------
\`\`\`


## Layout 7: "Content with Caption"

Suitability: 2 text columns -- comparison/juxtaposition

\`\`\`
----------------------------------------
| ..........................           |
| .T:0.......TXT:1         .           |
| ...........              .           |
| .TXT:2   ..              .           |
| .        ..              .           |
| .        ..              .           |
| .        ..              .           |
| .        ..              .           |
| .        ..              .           |
| ..........................           |
|                                      |
----------------------------------------
\`\`\`

- Title (idx \`0\`, "Title 1") — left column, upper area (4% of slide) — ~1 lines of ~9 chars
- Text area (idx \`1\`, "Content Placeholder 2") — center column, full height (36% of slide) — ~10 lines of ~21 chars
- Text area (idx \`2\`, "Text Placeholder 3") — left column, middle area (17% of slide) — ~8 lines of ~12 chars

## Layout 8: "PICTURE"

Suitability: large picture + text -- infographic with explanation

\`\`\`
----------------------------------------
|                                      |
|      .................               |
|      .IMG:1          .               |
|      .               .               |
|      .               .               |
|      .               .               |
|      .               .               |
|      .................               |
|      .T:0.............               |
|      .TXT:2...........               |
|                                      |
----------------------------------------
\`\`\`

- Title (idx \`0\`, "Title 1") — left half, lower area (4% of slide) — ~1 lines of ~17 chars
- Picture (idx \`1\`, "Picture Placeholder 2") — left half, middle area (27% of slide) — aspect ratio ~4:3
- Text area (idx \`2\`, "Text Placeholder 3") — left half, lower area (5% of slide) — ~1 lines of ~23 chars

## Layout 9: "Title and Vertical Text"

Suitability: one content area -- prose, bullets, table or chart

\`\`\`
----------------------------------------
| ..........................           |
| .T:0......................           |
|                                      |
| ..........................           |
| .TXT:1                   .           |
| .                        .           |
| .                        .           |
| .                        .           |
| .                        .           |
| ..........................           |
|                                      |
----------------------------------------
\`\`\`

- Title (idx \`0\`, "Title 1") — left half, upper area (11% of slide) — ~1 lines of ~25 chars
- Text area (idx \`1\`, "Vertical Text Placeholder 2") — left half, middle area (45% of slide) — ~8 lines of ~35 chars

## Layout 10: "Vertical Title and Text"

Suitability: one content area -- prose, bullets, table or chart

\`\`\`
----------------------------------------
| ................... ......           |
| .TXT:1            . .T:0 .           |
| .                 . .    .           |
| .                 . .    .           |
| .                 . .    .           |
| .                 . .    .           |
| .                 . .    .           |
| .                 . .    .           |
| .                 . .    .           |
| ................... ......           |
|                                      |
----------------------------------------
\`\`\`

- Title (idx \`0\`, "Vertical Title 1") — center column, full height (14% of slide) — ~7 lines of ~6 chars
- Text area (idx \`1\`, "Vertical Text Placeholder 2") — left half, full height (42% of slide) — ~10 lines of ~25 chars"
`;
